../Tnaserflow/tensorflow/lite/micro/kernels/dequantize.cc:39:7:void* tflite::ops::micro::dequantize::Init(TfLiteContext*, const char*, size_t)	16	static
../Tnaserflow/tensorflow/lite/micro/kernels/dequantize.cc:49:14:TfLiteStatus tflite::ops::micro::dequantize::Prepare(TfLiteContext*, TfLiteNode*)	32	static
../Tnaserflow/tensorflow/lite/micro/kernels/dequantize.cc:79:14:TfLiteStatus tflite::ops::micro::dequantize::Eval(TfLiteContext*, TfLiteNode*)	240	static
../Tnaserflow/tensorflow/lite/micro/kernels/dequantize.cc:148:20:TfLiteRegistration tflite::ops::micro::Register_DEQUANTIZE()	8	static
