../Tnaserflow/tensorflow/lite/micro/kernels/hard_swish.cc:36:7:void* tflite::ops::micro::hard_swish::HardSwishInit(TfLiteContext*, const char*, size_t)	16	static
../Tnaserflow/tensorflow/lite/micro/kernels/hard_swish.cc:45:14:TfLiteStatus tflite::ops::micro::hard_swish::HardSwishPrepare(TfLiteContext*, TfLiteNode*)	48	static
../Tnaserflow/tensorflow/lite/micro/kernels/hard_swish.cc:88:14:TfLiteStatus tflite::ops::micro::hard_swish::HardSwishEval(TfLiteContext*, TfLiteNode*)	192	static
../Tnaserflow/tensorflow/lite/micro/kernels/hard_swish.cc:121:20:TfLiteRegistration tflite::ops::micro::Register_HARD_SWISH()	8	static
