../Tnaserflow/tensorflow/lite/micro/kernels/pad.cc:70:14:TfLiteStatus tflite::ops::micro::pad::Prepare(TfLiteContext*, TfLiteNode*)	96	static
../Tnaserflow/tensorflow/lite/micro/kernels/pad.cc:101:14:TfLiteStatus tflite::ops::micro::pad::Eval(TfLiteContext*, TfLiteNode*)	1088	static
../Tnaserflow/tensorflow/lite/micro/kernels/pad.cc:210:20:TfLiteRegistration tflite::ops::micro::Register_PAD()	8	static
../Tnaserflow/tensorflow/lite/micro/kernels/pad.cc:222:20:TfLiteRegistration tflite::ops::micro::Register_PADV2()	8	static
