../Tnaserflow/tensorflow/lite/micro/kernels/reshape.cc:76:14:TfLiteStatus tflite::ops::micro::reshape::Eval(TfLiteContext*, TfLiteNode*)	0	static
../Tnaserflow/tensorflow/lite/micro/kernels/reshape.cc:30:14:TfLiteStatus tflite::ops::micro::reshape::ReshapeOutput(TfLiteContext*, TfLiteNode*)	48	static
../Tnaserflow/tensorflow/lite/micro/kernels/reshape.cc:69:14:TfLiteStatus tflite::ops::micro::reshape::Prepare(TfLiteContext*, TfLiteNode*)	32	static
../Tnaserflow/tensorflow/lite/micro/kernels/reshape.cc:92:20:TfLiteRegistration tflite::ops::micro::Register_RESHAPE()	8	static
