../Tnaserflow/tensorflow/lite/micro/kernels/strided_slice.cc:64:28:tflite::StridedSliceParams tflite::ops::micro::strided_slice::BuildStridedSliceParams(StridedSliceContext*)	16	static
../Tnaserflow/tensorflow/lite/micro/kernels/strided_slice.cc:88:14:TfLiteStatus tflite::ops::micro::strided_slice::CheckOutputSize(TfLiteContext*, StridedSliceContext*)	200	static
../Tnaserflow/tensorflow/lite/micro/kernels/strided_slice.cc:123:14:TfLiteStatus tflite::ops::micro::strided_slice::Prepare(TfLiteContext*, TfLiteNode*)	64	static
../Tnaserflow/tensorflow/lite/micro/kernels/strided_slice.cc:170:20:TfLiteRegistration tflite::ops::micro::Register_STRIDED_SLICE()	8	static
C:/Users/mimoh/STM32CubeIDE/workspace_1.18.0/istrf-3/Tnaserflow/tensorflow/lite/kernels/internal/reference/strided_slice.h:27:13:void tflite::reference_ops::StridedSlice(const tflite::StridedSliceParams&, const tflite::RuntimeShape&, const T*, const tflite::RuntimeShape&, T*) [with T = float]	296	static
C:/Users/mimoh/STM32CubeIDE/workspace_1.18.0/istrf-3/Tnaserflow/tensorflow/lite/kernels/internal/reference/strided_slice.h:27:13:void tflite::reference_ops::StridedSlice(const tflite::StridedSliceParams&, const tflite::RuntimeShape&, const T*, const tflite::RuntimeShape&, T*) [with T = unsigned char]	272	static
C:/Users/mimoh/STM32CubeIDE/workspace_1.18.0/istrf-3/Tnaserflow/tensorflow/lite/kernels/internal/reference/strided_slice.h:27:13:void tflite::reference_ops::StridedSlice(const tflite::StridedSliceParams&, const tflite::RuntimeShape&, const T*, const tflite::RuntimeShape&, T*) [with T = signed char]	272	static
../Tnaserflow/tensorflow/lite/micro/kernels/strided_slice.cc:133:14:TfLiteStatus tflite::ops::micro::strided_slice::Eval(TfLiteContext*, TfLiteNode*) [with KernelType kernel_type = tflite::ops::micro::strided_slice::kReference]	192	static
