C:/Users/mimoh/STM32CubeIDE/workspace_1.18.0/istrf-3/Tnaserflow/tensorflow/lite/kernels/internal/reference/process_broadcast_shapes.h:38:13:bool tflite::reference_ops::ProcessBroadcastShapes(const tflite::RuntimeShape&, const tflite::RuntimeShape&, tflite::ArithmeticParams*)	120	static
../Tnaserflow/tensorflow/lite/micro/kernels/sub.cc:57:14:TfLiteStatus tflite::ops::micro::sub::CalculateOpData(TfLiteContext*, TfLiteSubParams*, const TfLiteTensor*, const TfLiteTensor*, TfLiteTensor*, OpData*)	48	static
../Tnaserflow/tensorflow/lite/micro/kernels/sub.cc:187:20:TfLiteRegistration tflite::ops::micro::Register_SUB()	8	static
C:/Users/mimoh/STM32CubeIDE/workspace_1.18.0/istrf-3/Tnaserflow/tensorflow/lite/kernels/internal/common.h:852:13:void tflite::NDOpsHelper(const NdArrayDesc<N>&, const Calc&) [with int N = 5; Calc = reference_ops::BroadcastSubSlow<>(const tflite::ArithmeticParams&, const tflite::RuntimeShape&, const int8_t*, const tflite::RuntimeShape&, const int8_t*, const tflite::RuntimeShape&, int8_t*)::<lambda(int*)>]	56	static
C:/Users/mimoh/STM32CubeIDE/workspace_1.18.0/istrf-3/Tnaserflow/tensorflow/lite/kernels/internal/common.h:852:13:void tflite::NDOpsHelper(const NdArrayDesc<N>&, const Calc&) [with int N = 5; Calc = reference_ops::BroadcastSubSlow<>(const tflite::ArithmeticParams&, const tflite::RuntimeShape&, const uint8*, const tflite::RuntimeShape&, const uint8*, const tflite::RuntimeShape&, uint8*)::<lambda(int*)>]	56	static
../Tnaserflow/tensorflow/lite/micro/kernels/sub.cc:116:14:TfLiteStatus tflite::ops::micro::sub::EvalSubQuantized(TfLiteContext*, TfLiteNode*, TfLiteSubParams*, const OpData*, const TfLiteTensor*, const TfLiteTensor*, TfLiteTensor*)	800	static
../Tnaserflow/tensorflow/lite/micro/kernels/sub.cc:116:14:TfLiteStatus tflite::ops::micro::sub::EvalSubQuantized(TfLiteContext*, TfLiteNode*, TfLiteSubParams*, const OpData*, const TfLiteTensor*, const TfLiteTensor*, TfLiteTensor*)	8	static
C:/Users/mimoh/STM32CubeIDE/workspace_1.18.0/istrf-3/Tnaserflow/tensorflow/lite/kernels/internal/common.h:834:51:typename std::enable_if<(DIM != (N - 1)), void>::type tflite::NDOpsHelperImpl(const NdArrayDesc<N>&, const Calc&, int*) [with int N = 5; int DIM = 1; Calc = reference_ops::BroadcastSubSlow<>(const tflite::ArithmeticParams&, const tflite::RuntimeShape&, const float*, const tflite::RuntimeShape&, const float*, const tflite::RuntimeShape&, float*)::<lambda(int*)>]	56	static
../Tnaserflow/tensorflow/lite/micro/kernels/sub.cc:96:6:void tflite::ops::micro::sub::EvalSub(TfLiteContext*, TfLiteNode*, TfLiteSubParams*, const OpData*, const TfLiteTensor*, const TfLiteTensor*, TfLiteTensor*)	480	static
../Tnaserflow/tensorflow/lite/micro/kernels/sub.cc:160:14:TfLiteStatus tflite::ops::micro::sub::Eval(TfLiteContext*, TfLiteNode*)	128	static
