../Tnaserflow/tensorflow/lite/micro/kernels/cmsis-nn/add.cc:174:7:void* tflite::ops::micro::add::Init(TfLiteContext*, const char*, size_t)	16	static
../Tnaserflow/tensorflow/lite/micro/kernels/cmsis-nn/add.cc:184:14:TfLiteStatus tflite::ops::micro::add::Prepare(TfLiteContext*, TfLiteNode*)	64	static
C:/Users/mimoh/STM32CubeIDE/workspace_1.18.0/istrf-3/Tnaserflow/tensorflow/lite/kernels/internal/reference/integer_ops/add.h:77:13:void tflite::reference_integer_ops::BroadcastAdd4DSlow(const tflite::ArithmeticParams&, const tflite::RuntimeShape&, const int8_t*, const tflite::RuntimeShape&, const int8_t*, const tflite::RuntimeShape&, int8_t*)	312	static
C:/Users/mimoh/STM32CubeIDE/workspace_1.18.0/istrf-3/Tnaserflow/tensorflow/lite/kernels/internal/reference/process_broadcast_shapes.h:38:13:bool tflite::reference_ops::ProcessBroadcastShapes(const tflite::RuntimeShape&, const tflite::RuntimeShape&, tflite::ArithmeticParams*)	120	static
../Tnaserflow/tensorflow/lite/micro/kernels/cmsis-nn/add.cc:119:14:TfLiteStatus tflite::ops::micro::add::EvalAddQuantized(TfLiteContext*, TfLiteNode*, TfLiteAddParams*, const OpData*, const TfLiteTensor*, const TfLiteTensor*, TfLiteTensor*)	768	static
../Tnaserflow/tensorflow/lite/micro/kernels/cmsis-nn/add.cc:58:14:TfLiteStatus tflite::ops::micro::add::CalculateOpData(TfLiteContext*, TfLiteAddParams*, const TfLiteTensor*, const TfLiteTensor*, TfLiteTensor*, OpData*)	48	static
../Tnaserflow/tensorflow/lite/micro/kernels/cmsis-nn/add.cc:98:6:void tflite::ops::micro::add::EvalAdd(TfLiteContext*, TfLiteNode*, TfLiteAddParams*, const OpData*, const TfLiteTensor*, const TfLiteTensor*, TfLiteTensor*)	448	static
../Tnaserflow/tensorflow/lite/micro/kernels/cmsis-nn/add.cc:201:14:TfLiteStatus tflite::ops::micro::add::Eval(TfLiteContext*, TfLiteNode*)	40	static
../Tnaserflow/tensorflow/lite/micro/kernels/cmsis-nn/add.cc:119:14:TfLiteStatus tflite::ops::micro::add::EvalAddQuantized(TfLiteContext*, TfLiteNode*, TfLiteAddParams*, const OpData*, const TfLiteTensor*, const TfLiteTensor*, TfLiteTensor*)	8	static
../Tnaserflow/tensorflow/lite/micro/kernels/cmsis-nn/add.cc:227:20:TfLiteRegistration tflite::ops::micro::Register_ADD()	8	static
