../Tnaserflow/tensorflow/lite/micro/kernels/cmsis-nn/depthwise_conv.cc:103:7:void* tflite::ops::micro::depthwise_conv::Init(TfLiteContext*, const char*, size_t)	16	static
../Tnaserflow/tensorflow/lite/micro/kernels/cmsis-nn/depthwise_conv.cc:234:6:void tflite::ops::micro::depthwise_conv::EvalQuantizedPerChannel(TfLiteContext*, TfLiteNode*, TfLiteDepthwiseConvParams*, {anonymous}::OpData*, const TfLiteTensor*, const TfLiteTensor*, const TfLiteTensor*, TfLiteTensor*)	600	static
../Tnaserflow/tensorflow/lite/micro/kernels/cmsis-nn/depthwise_conv.cc:113:14:TfLiteStatus tflite::ops::micro::depthwise_conv::Prepare(TfLiteContext*, TfLiteNode*)	288	static
../Tnaserflow/tensorflow/lite/micro/kernels/cmsis-nn/depthwise_conv.cc:439:20:TfLiteRegistration tflite::ops::micro::Register_DEPTHWISE_CONV_2D()	8	static
C:/Users/mimoh/STM32CubeIDE/workspace_1.18.0/istrf-3/Tnaserflow/tensorflow/lite/kernels/internal/reference/depthwiseconv_uint8.h:92:22:static void tflite::reference_ops::depthwise_conv::DepthwiseConvBasicKernel<output_rounding>::Run(const tflite::DepthwiseParams&, const tflite::RuntimeShape&, const uint8*, const tflite::RuntimeShape&, const uint8*, const tflite::RuntimeShape&, const int32*, const tflite::RuntimeShape&, uint8*) [with tflite::DepthwiseConvOutputRounding output_rounding = tflite::DepthwiseConvOutputRounding::kAwayFromZero]	192	static
../Tnaserflow/tensorflow/lite/micro/kernels/cmsis-nn/depthwise_conv.cc:402:14:TfLiteStatus tflite::ops::micro::depthwise_conv::Eval(TfLiteContext*, TfLiteNode*)	560	static
