../Tnaserflow/tensorflow/lite/micro/kernels/cmsis-nn/fully_connected.cc:78:7:void* tflite::ops::micro::fully_connected::Init(TfLiteContext*, const char*, size_t)	16	static
../Tnaserflow/tensorflow/lite/micro/kernels/cmsis-nn/fully_connected.cc:132:14:TfLiteStatus tflite::ops::micro::fully_connected::EvalQuantizedInt8(TfLiteContext*, TfLiteNode*, const {anonymous}::OpData&, const TfLiteTensor*, const TfLiteTensor*, const TfLiteTensor*, TfLiteTensor*)	336	static
../Tnaserflow/tensorflow/lite/micro/kernels/cmsis-nn/fully_connected.cc:88:14:TfLiteStatus tflite::ops::micro::fully_connected::Prepare(TfLiteContext*, TfLiteNode*)	128	static
../Tnaserflow/tensorflow/lite/micro/kernels/cmsis-nn/fully_connected.cc:262:14:TfLiteStatus tflite::ops::micro::fully_connected::EvalFloat(TfLiteContext*, TfLiteNode*, TfLiteFusedActivation, const TfLiteTensor*, const TfLiteTensor*, const TfLiteTensor*, TfLiteTensor*)	168	static
../Tnaserflow/tensorflow/lite/micro/kernels/cmsis-nn/fully_connected.cc:280:14:TfLiteStatus tflite::ops::micro::fully_connected::Eval(TfLiteContext*, TfLiteNode*)	320	static
../Tnaserflow/tensorflow/lite/micro/kernels/cmsis-nn/fully_connected.cc:315:20:TfLiteRegistration tflite::ops::micro::Register_FULLY_CONNECTED()	8	static
