C:/Users/mimoh/STM32CubeIDE/workspace_1.18.0/istrf-3/Tnaserflow/tensorflow/lite/kernels/internal/reference/mul.h:74:13:void tflite::reference_ops::BroadcastMul4DSlow(const tflite::ArithmeticParams&, const tflite::RuntimeShape&, const uint8*, const tflite::RuntimeShape&, const uint8*, const tflite::RuntimeShape&, uint8*)	328	static
C:/Users/mimoh/STM32CubeIDE/workspace_1.18.0/istrf-3/Tnaserflow/tensorflow/lite/kernels/internal/reference/process_broadcast_shapes.h:38:13:bool tflite::reference_ops::ProcessBroadcastShapes(const tflite::RuntimeShape&, const tflite::RuntimeShape&, tflite::ArithmeticParams*)	120	static
../Tnaserflow/tensorflow/lite/micro/kernels/cmsis-nn/mul.cc:43:14:TfLiteStatus tflite::ops::micro::mul::CalculateOpData(TfLiteContext*, TfLiteNode*, TfLiteMulParams*, OpData*)	48	static
../Tnaserflow/tensorflow/lite/micro/kernels/cmsis-nn/mul.cc:68:14:TfLiteStatus tflite::ops::micro::mul::Prepare(TfLiteContext*, TfLiteNode*)	4	static
../Tnaserflow/tensorflow/lite/micro/kernels/cmsis-nn/mul.cc:127:6:void tflite::ops::micro::mul::EvalFloat(TfLiteContext*, TfLiteNode*, TfLiteMulParams*, OpData*, const TfLiteTensor*, const TfLiteTensor*, TfLiteTensor*)	552	static
../Tnaserflow/tensorflow/lite/micro/kernels/cmsis-nn/mul.cc:181:20:TfLiteRegistration tflite::ops::micro::Register_MUL()	8	static
C:/Users/mimoh/STM32CubeIDE/workspace_1.18.0/istrf-3/Tnaserflow/tensorflow/lite/kernels/internal/reference/integer_ops/mul.h:89:13:void tflite::reference_integer_ops::BroadcastMul4DSlow(const tflite::ArithmeticParams&, const tflite::RuntimeShape&, const T*, const tflite::RuntimeShape&, const T*, const tflite::RuntimeShape&, T*) [with T = signed char]	328	static
../Tnaserflow/tensorflow/lite/micro/kernels/cmsis-nn/mul.cc:80:6:void tflite::ops::micro::mul::EvalQuantized(TfLiteContext*, TfLiteNode*, TfLiteMulParams*, OpData*, const TfLiteTensor*, const TfLiteTensor*, TfLiteTensor*)	360	static
../Tnaserflow/tensorflow/lite/micro/kernels/cmsis-nn/mul.cc:80:6:void tflite::ops::micro::mul::EvalQuantized(TfLiteContext*, TfLiteNode*, TfLiteMulParams*, OpData*, const TfLiteTensor*, const TfLiteTensor*, TfLiteTensor*)	4	static
../Tnaserflow/tensorflow/lite/micro/kernels/cmsis-nn/mul.cc:153:14:TfLiteStatus tflite::ops::micro::mul::Eval(TfLiteContext*, TfLiteNode*)	88	static
