../Tnaserflow/tensorflow/lite/micro/kernels/cmsis-nn/softmax.cc:73:14:TfLiteStatus tflite::ops::micro::activations::SoftmaxPrepare(TfLiteContext*, TfLiteNode*)	32	static
../Tnaserflow/tensorflow/lite/micro/kernels/cmsis-nn/softmax.cc:83:6:void tflite::ops::micro::activations::SoftmaxFloat(const TfLiteTensor*, TfLiteTensor*, const tflite::SoftmaxParams&)	120	static
../Tnaserflow/tensorflow/lite/micro/kernels/cmsis-nn/softmax.cc:148:20:TfLiteRegistration tflite::ops::micro::Register_SOFTMAX()	8	static
C:/Users/mimoh/STM32CubeIDE/workspace_1.18.0/istrf-3/Tnaserflow/third_party/gemmlowp/fixedpoint/fixedpoint.h:842:25:gemmlowp::FixedPoint<tRawType, 0> gemmlowp::one_over_one_plus_x_for_x_in_0_1(FixedPoint<tRawType, 0>) [with tRawType = long int]	16	static
C:/Users/mimoh/STM32CubeIDE/workspace_1.18.0/istrf-3/Tnaserflow/third_party/gemmlowp/fixedpoint/fixedpoint.h:721:25:gemmlowp::FixedPoint<tRawType, 0> gemmlowp::exp_on_interval_between_negative_one_quarter_and_0_excl(FixedPoint<tRawType, 0>) [with tRawType = long int]	16	static
C:/Users/mimoh/STM32CubeIDE/workspace_1.18.0/istrf-3/Tnaserflow/third_party/gemmlowp/fixedpoint/fixedpoint.h:746:25:gemmlowp::FixedPoint<tRawType, 0> gemmlowp::exp_on_negative_values(FixedPoint<tRawType, tIntegerBits_a>) [with tRawType = long int; int tIntegerBits = 5]	32	static
C:/Users/mimoh/STM32CubeIDE/workspace_1.18.0/istrf-3/Tnaserflow/tensorflow/lite/kernels/internal/reference/softmax.h:67:13:void tflite::reference_ops::Softmax(const tflite::SoftmaxParams&, const tflite::RuntimeShape&, const InputT*, const tflite::RuntimeShape&, OutputT*) [with InputT = unsigned char; OutputT = unsigned char]	80	static
C:/Users/mimoh/STM32CubeIDE/workspace_1.18.0/istrf-3/Tnaserflow/tensorflow/lite/kernels/internal/reference/softmax.h:67:13:void tflite::reference_ops::Softmax(const tflite::SoftmaxParams&, const tflite::RuntimeShape&, const InputT*, const tflite::RuntimeShape&, OutputT*) [with InputT = signed char; OutputT = short int]	88	static
../Tnaserflow/tensorflow/lite/micro/kernels/cmsis-nn/softmax.cc:90:6:void tflite::ops::micro::activations::SoftmaxQuantized(const TfLiteTensor*, TfLiteTensor*, const tflite::SoftmaxParams&)	144	static
../Tnaserflow/tensorflow/lite/micro/kernels/cmsis-nn/softmax.cc:120:14:TfLiteStatus tflite::ops::micro::activations::SoftmaxEval(TfLiteContext*, TfLiteNode*)	112	static
