C:/Users/mimoh/STM32CubeIDE/workspace_1.18.0/istrf-3/Tnaserflow/tensorflow/lite/micro/micro_mutable_op_resolver.h:39:29:const TfLiteRegistration* tflite::MicroMutableOpResolver<tOpCount>::FindOp(tflite::BuiltinOperator) const [with unsigned int tOpCount = 128]	8	static
C:/Users/mimoh/STM32CubeIDE/workspace_1.18.0/istrf-3/Tnaserflow/tensorflow/lite/micro/all_ops_resolver.h:25:7:tflite::AllOpsResolver::~AllOpsResolver()	0	static
C:/Users/mimoh/STM32CubeIDE/workspace_1.18.0/istrf-3/Tnaserflow/tensorflow/lite/micro/micro_mutable_op_resolver.h:62:41:TfLiteStatus (* tflite::MicroMutableOpResolver<tOpCount>::GetOpDataParser(tflite::BuiltinOperator) const)(const tflite::Operator*, tflite::ErrorReporter*, tflite::BuiltinDataAllocator*, void**) [with unsigned int tOpCount = 128]	8	static
C:/Users/mimoh/STM32CubeIDE/workspace_1.18.0/istrf-3/Tnaserflow/tensorflow/lite/micro/micro_mutable_op_resolver.h:51:29:const TfLiteRegistration* tflite::MicroMutableOpResolver<tOpCount>::FindOp(const char*) const [with unsigned int tOpCount = 128]	24	static
C:/Users/mimoh/STM32CubeIDE/workspace_1.18.0/istrf-3/Tnaserflow/tensorflow/lite/micro/all_ops_resolver.h:25:7:virtual tflite::AllOpsResolver::~AllOpsResolver()	8	static
C:/Users/mimoh/STM32CubeIDE/workspace_1.18.0/istrf-3/Tnaserflow/tensorflow/lite/micro/micro_op_resolver.h:53:29:virtual const TfLiteRegistration* tflite::MicroOpResolver::FindOp(tflite::BuiltinOperator, int) const	8	static
C:/Users/mimoh/STM32CubeIDE/workspace_1.18.0/istrf-3/Tnaserflow/tensorflow/lite/micro/micro_mutable_op_resolver.h:397:16:TfLiteStatus tflite::MicroMutableOpResolver<tOpCount>::AddBuiltin(tflite::BuiltinOperator, const TfLiteRegistration&, tflite::MicroOpResolver::BuiltinParseFunction) [with unsigned int tOpCount = 128]	48	static
C:/Users/mimoh/STM32CubeIDE/workspace_1.18.0/istrf-3/Tnaserflow/tensorflow/lite/micro/micro_op_resolver.h:60:29:virtual const TfLiteRegistration* tflite::MicroOpResolver::FindOp(const char*, int) const	24	static
../Tnaserflow/tensorflow/lite/micro/all_ops_resolver.cc:27:1:tflite::AllOpsResolver::AllOpsResolver()	80	static
