C:/Users/mimoh/STM32CubeIDE/workspace_1.18.0/istrf-3/Tnaserflow/tensorflow/lite/core/api/profiler.h:73:16:virtual void tflite::Profiler::EndEvent(uint32_t, int64_t, int64_t)	0	static
C:/Users/mimoh/STM32CubeIDE/workspace_1.18.0/istrf-3/Tnaserflow/tensorflow/lite/micro/micro_profiler.h:47:8:virtual void tflite::MicroProfiler::AddEvent(const char*, tflite::Profiler::EventType, uint64_t, uint64_t, int64_t, int64_t)	0	static
C:/Users/mimoh/STM32CubeIDE/workspace_1.18.0/istrf-3/Tnaserflow/tensorflow/lite/micro/micro_profiler.h:44:3:tflite::MicroProfiler::~MicroProfiler()	0	static
../Tnaserflow/tensorflow/lite/micro/micro_profiler.cc:26:10:virtual uint32_t tflite::MicroProfiler::BeginEvent(const char*, tflite::Profiler::EventType, int64_t, int64_t)	16	static
../Tnaserflow/tensorflow/lite/micro/micro_profiler.cc:35:6:virtual void tflite::MicroProfiler::EndEvent(uint32_t)	8	static
C:/Users/mimoh/STM32CubeIDE/workspace_1.18.0/istrf-3/Tnaserflow/tensorflow/lite/micro/micro_profiler.h:44:3:virtual tflite::MicroProfiler::~MicroProfiler()	8	static
../Tnaserflow/tensorflow/lite/micro/micro_profiler.cc:23:1:tflite::MicroProfiler::MicroProfiler(tflite::ErrorReporter*)	0	static
