../Tnaserflow/tensorflow/lite/micro/micro_allocator.cc:69:9:virtual void* tflite::{anonymous}::MicroBuiltinDataAllocator::Allocate(size_t, size_t)	0	static
../Tnaserflow/tensorflow/lite/micro/micro_allocator.cc:72:8:virtual void tflite::{anonymous}::MicroBuiltinDataAllocator::Deallocate(void*)	0	static
../Tnaserflow/tensorflow/lite/micro/micro_allocator.cc:567:1:tflite::MicroAllocator::~MicroAllocator()	0	static
../Tnaserflow/tensorflow/lite/micro/micro_allocator.cc:64:7:tflite::{anonymous}::MicroBuiltinDataAllocator::~MicroBuiltinDataAllocator()	0	static
../Tnaserflow/tensorflow/lite/micro/micro_allocator.cc:567:1:virtual tflite::MicroAllocator::~MicroAllocator()	8	static
../Tnaserflow/tensorflow/lite/micro/micro_allocator.cc:64:7:virtual tflite::{anonymous}::MicroBuiltinDataAllocator::~MicroBuiltinDataAllocator()	8	static
../Tnaserflow/tensorflow/lite/micro/micro_allocator.cc:758:14:virtual TfLiteStatus tflite::MicroAllocator::PrepareNodeAndRegistrationDataFromFlatbuffer(const tflite::Model*, const tflite::SubGraph*, const tflite::MicroOpResolver&, tflite::NodeAndRegistration*)	80	static
../Tnaserflow/tensorflow/lite/micro/micro_allocator.cc:742:14:virtual TfLiteStatus tflite::MicroAllocator::AllocateNodeAndRegistrations(const tflite::SubGraph*, tflite::NodeAndRegistration**)	16	static
../Tnaserflow/tensorflow/lite/micro/micro_allocator.cc:710:14:virtual TfLiteStatus tflite::MicroAllocator::AllocateTfLiteTensorArray(TfLiteContext*, const tflite::SubGraph*)	16	static
../Tnaserflow/tensorflow/lite/micro/micro_allocator.cc:845:14:virtual TfLiteStatus tflite::MicroAllocator::AllocateVariables(TfLiteContext*, const tflite::SubGraph*)	32	static
../Tnaserflow/tensorflow/lite/micro/micro_allocator.cc:437:14:TfLiteStatus tflite::internal::InitializeTfLiteTensorFromFlatbuffer(tflite::SimpleMemoryAllocator*, const tflite::Tensor&, const flatbuffers::Vector<flatbuffers::Offset<tflite::Buffer> >*, tflite::ErrorReporter*, TfLiteTensor*)	56	static
../Tnaserflow/tensorflow/lite/micro/micro_allocator.cc:726:14:virtual TfLiteStatus tflite::MicroAllocator::PopulateTfLiteTensorArrayFromFlatbuffer(const tflite::Model*, TfLiteContext*, const tflite::SubGraph*)	40	static
../Tnaserflow/tensorflow/lite/micro/micro_allocator.cc:561:1:tflite::MicroAllocator::MicroAllocator(tflite::SimpleMemoryAllocator*, tflite::ErrorReporter*)	4	static
../Tnaserflow/tensorflow/lite/micro/micro_allocator.cc:569:17:static tflite::MicroAllocator* tflite::MicroAllocator::Create(uint8_t*, size_t, tflite::ErrorReporter*)	24	static
../Tnaserflow/tensorflow/lite/micro/micro_allocator.cc:585:17:static tflite::MicroAllocator* tflite::MicroAllocator::Create(tflite::SimpleMemoryAllocator*, tflite::ErrorReporter*)	16	static
../Tnaserflow/tensorflow/lite/micro/micro_allocator.cc:597:14:TfLiteStatus tflite::MicroAllocator::StartModelAllocation(const tflite::Model*, TfLiteContext*, const tflite::MicroOpResolver&, tflite::NodeAndRegistration**)	40	static
../Tnaserflow/tensorflow/lite/micro/micro_allocator.cc:626:14:TfLiteStatus tflite::MicroAllocator::FinishModelAllocation(const tflite::Model*, TfLiteContext*)	24	static
../Tnaserflow/tensorflow/lite/micro/micro_allocator.cc:645:14:TfLiteStatus tflite::MicroAllocator::AllocatePersistentBuffer(size_t, void**)	16	static
../Tnaserflow/tensorflow/lite/micro/micro_allocator.cc:658:14:TfLiteStatus tflite::MicroAllocator::RequestScratchBufferInArena(int, size_t, int*)	24	static
../Tnaserflow/tensorflow/lite/micro/micro_allocator.cc:695:7:void* tflite::MicroAllocator::GetScratchBuffer(int) const	8	static
../Tnaserflow/tensorflow/lite/micro/micro_allocator.cc:706:8:size_t tflite::MicroAllocator::used_bytes() const	0	static
../Tnaserflow/tensorflow/lite/micro/micro_allocator.cc:865:16:tflite::ErrorReporter* tflite::MicroAllocator::error_reporter() const	0	static
../Tnaserflow/tensorflow/lite/micro/micro_allocator.cc:869:17:const tflite::SubGraph* tflite::MicroAllocator::GetSubGraphFromModel(const tflite::Model*)	8	static
../Tnaserflow/tensorflow/lite/micro/micro_allocator.cc:879:14:virtual TfLiteStatus tflite::MicroAllocator::CommitStaticMemoryPlan(const tflite::Model*, TfLiteContext*, const tflite::SubGraph*)	160	static
