C:/Users/mimoh/STM32CubeIDE/workspace_1.18.0/istrf-3/Tnaserflow/third_party/flatbuffers/include/flatbuffers/flatbuffers.h:627:7:flatbuffers::DefaultAllocator::~DefaultAllocator()	0	static
../Tnaserflow/tensorflow/lite/micro/test_helpers.cc:50:8:virtual void tflite::testing::{anonymous}::StackAllocator::deallocate(uint8_t*, size_t)	0	static
../Tnaserflow/tensorflow/lite/micro/test_helpers.cc:585:14:static TfLiteStatus tflite::testing::SimpleStatefulOp::Prepare(TfLiteContext*, TfLiteNode*)	20	static
../Tnaserflow/tensorflow/lite/micro/test_helpers.cc:601:14:static TfLiteStatus tflite::testing::SimpleStatefulOp::Invoke(TfLiteContext*, TfLiteNode*)	32	static
../Tnaserflow/tensorflow/lite/micro/test_helpers.cc:658:6:static void tflite::testing::MockCustom::Free(TfLiteContext*, void*)	0	static
../Tnaserflow/tensorflow/lite/micro/test_helpers.cc:660:14:static TfLiteStatus tflite::testing::MockCustom::Prepare(TfLiteContext*, TfLiteNode*)	0	static
../Tnaserflow/tensorflow/lite/micro/test_helpers.cc:664:14:static TfLiteStatus tflite::testing::MockCustom::Invoke(TfLiteContext*, TfLiteNode*)	4	static
../Tnaserflow/tensorflow/lite/micro/test_helpers.cc:38:7:tflite::testing::{anonymous}::StackAllocator::~StackAllocator()	0	static
../Tnaserflow/tensorflow/lite/micro/test_helpers.cc:571:7:static void* tflite::testing::SimpleStatefulOp::Init(TfLiteContext*, const char*, size_t)	16	static
../Tnaserflow/tensorflow/lite/micro/test_helpers.cc:648:7:static void* tflite::testing::MockCustom::Init(TfLiteContext*, const char*, size_t)	8	static
../Tnaserflow/tensorflow/lite/micro/test_helpers.cc:42:12:virtual uint8_t* tflite::testing::{anonymous}::StackAllocator::allocate(size_t)	8	static
C:/Users/mimoh/STM32CubeIDE/workspace_1.18.0/istrf-3/Tnaserflow/tensorflow/lite/micro/micro_mutable_op_resolver.h:51:29:const TfLiteRegistration* tflite::MicroMutableOpResolver<tOpCount>::FindOp(const char*) const [with unsigned int tOpCount = 128]	24	static
../Tnaserflow/tensorflow/lite/micro/test_helpers.cc:67:33:flatbuffers::FlatBufferBuilder* tflite::testing::{anonymous}::BuilderInstance()	16	static
C:/Users/mimoh/STM32CubeIDE/workspace_1.18.0/istrf-3/Tnaserflow/third_party/flatbuffers/include/flatbuffers/flatbuffers.h:629:12:virtual uint8_t* flatbuffers::DefaultAllocator::allocate(size_t)	0	static
C:/Users/mimoh/STM32CubeIDE/workspace_1.18.0/istrf-3/Tnaserflow/third_party/flatbuffers/include/flatbuffers/flatbuffers.h:633:8:virtual void flatbuffers::DefaultAllocator::deallocate(uint8_t*, size_t)	0	static
C:/Users/mimoh/STM32CubeIDE/workspace_1.18.0/istrf-3/Tnaserflow/third_party/flatbuffers/include/flatbuffers/flatbuffers.h:601:20:virtual uint8_t* flatbuffers::Allocator::reallocate_downward(uint8_t*, size_t, size_t, size_t, size_t)	32	static
../Tnaserflow/tensorflow/lite/micro/test_helpers.cc:38:7:virtual tflite::testing::{anonymous}::StackAllocator::~StackAllocator()	8	static
C:/Users/mimoh/STM32CubeIDE/workspace_1.18.0/istrf-3/Tnaserflow/third_party/flatbuffers/include/flatbuffers/flatbuffers.h:627:7:virtual flatbuffers::DefaultAllocator::~DefaultAllocator()	8	static
C:/Users/mimoh/STM32CubeIDE/workspace_1.18.0/istrf-3/Tnaserflow/third_party/flatbuffers/include/flatbuffers/flatbuffers.h:1325:8:void flatbuffers::FlatBufferBuilder::NotNested()	8	static
C:/Users/mimoh/STM32CubeIDE/workspace_1.18.0/istrf-3/Tnaserflow/third_party/flatbuffers/include/flatbuffers/flatbuffers.h:904:10:size_t flatbuffers::vector_downward::ensure_space(size_t)	56	static
C:/Users/mimoh/STM32CubeIDE/workspace_1.18.0/istrf-3/Tnaserflow/third_party/flatbuffers/include/flatbuffers/flatbuffers.h:1567:8:void flatbuffers::FlatBufferBuilder::StartVector(size_t, size_t)	24	static
C:/Users/mimoh/STM32CubeIDE/workspace_1.18.0/istrf-3/Tnaserflow/third_party/flatbuffers/include/flatbuffers/flatbuffers.h:1291:29:void flatbuffers::FlatBufferBuilder::AddElement(flatbuffers::voffset_t, T, T) [with T = long unsigned int]	24	static
C:/Users/mimoh/STM32CubeIDE/workspace_1.18.0/istrf-3/Tnaserflow/third_party/flatbuffers/include/flatbuffers/flatbuffers.h:1452:18:flatbuffers::Offset<flatbuffers::String> flatbuffers::FlatBufferBuilder::CreateString(const char*, size_t)	24	static
C:/Users/mimoh/STM32CubeIDE/workspace_1.18.0/istrf-3/Tnaserflow/third_party/flatbuffers/include/flatbuffers/flatbuffers.h:1452:18:flatbuffers::Offset<flatbuffers::String> flatbuffers::FlatBufferBuilder::CreateString(const char*, size_t)	24	static
C:/Users/mimoh/STM32CubeIDE/workspace_1.18.0/istrf-3/Tnaserflow/third_party/flatbuffers/include/flatbuffers/flatbuffers.h:1597:42:flatbuffers::Offset<flatbuffers::Vector<T> > flatbuffers::FlatBufferBuilder::CreateVector(const T*, size_t) [with T = long int]	24	static
C:/Users/mimoh/STM32CubeIDE/workspace_1.18.0/istrf-3/Tnaserflow/third_party/flatbuffers/include/flatbuffers/flatbuffers.h:1619:29:flatbuffers::Offset<flatbuffers::Vector<flatbuffers::Offset<T> > > flatbuffers::FlatBufferBuilder::CreateVector(const flatbuffers::Offset<T>*, size_t) [with T = tflite::SubGraph]	64	static
C:/Users/mimoh/STM32CubeIDE/workspace_1.18.0/istrf-3/Tnaserflow/third_party/flatbuffers/include/flatbuffers/flatbuffers.h:1317:13:flatbuffers::uoffset_t flatbuffers::FlatBufferBuilder::ReferTo(flatbuffers::uoffset_t)	24	static
C:/Users/mimoh/STM32CubeIDE/workspace_1.18.0/istrf-3/Tnaserflow/third_party/flatbuffers/include/flatbuffers/flatbuffers.h:1350:13:flatbuffers::uoffset_t flatbuffers::FlatBufferBuilder::EndTable(flatbuffers::uoffset_t)	56	static
C:/Users/mimoh/STM32CubeIDE/workspace_1.18.0/istrf-3/Tnaserflow/third_party/flatbuffers/include/flatbuffers/flatbuffers.h:1452:18:flatbuffers::Offset<flatbuffers::String> flatbuffers::FlatBufferBuilder::CreateString(const char*, size_t)	24	static
C:/Users/mimoh/STM32CubeIDE/workspace_1.18.0/istrf-3/Tnaserflow/third_party/flatbuffers/include/flatbuffers/flatbuffers.h:1561:13:flatbuffers::uoffset_t flatbuffers::FlatBufferBuilder::EndVector(size_t)	24	static
C:/Users/mimoh/STM32CubeIDE/workspace_1.18.0/istrf-3/Tnaserflow/tensorflow/lite/schema/schema_generated.h:3669:36:flatbuffers::Offset<tflite::Tensor> tflite::CreateTensor(flatbuffers::FlatBufferBuilder&, flatbuffers::Offset<flatbuffers::Vector<long int> >, TensorType, uint32_t, flatbuffers::Offset<flatbuffers::String>, flatbuffers::Offset<QuantizationParameters>, bool, flatbuffers::Offset<SparsityParameters>, flatbuffers::Offset<flatbuffers::Vector<long int> >)	48	static
../Tnaserflow/tensorflow/lite/micro/test_helpers.cc:229:22:tflite::testing::{anonymous}::ModelBuilder::Tensor tflite::testing::{anonymous}::ModelBuilder::AddTensorImpl(tflite::TensorType, bool, std::initializer_list<long int>)	56	static
../Tnaserflow/tensorflow/lite/micro/test_helpers.cc:229:22:tflite::testing::{anonymous}::ModelBuilder::Tensor tflite::testing::{anonymous}::ModelBuilder::AddTensorImpl(tflite::TensorType, bool, std::initializer_list<long int>)	64	static
C:/Users/mimoh/STM32CubeIDE/workspace_1.18.0/istrf-3/Tnaserflow/tensorflow/lite/schema/schema_generated.h:10231:38:flatbuffers::Offset<tflite::Operator> tflite::CreateOperator(flatbuffers::FlatBufferBuilder&, uint32_t, flatbuffers::Offset<flatbuffers::Vector<long int> >, flatbuffers::Offset<flatbuffers::Vector<long int> >, BuiltinOptions, flatbuffers::Offset<void>, flatbuffers::Offset<flatbuffers::Vector<unsigned char> >, CustomOptionsFormat, flatbuffers::Offset<flatbuffers::Vector<unsigned char> >, flatbuffers::Offset<flatbuffers::Vector<long int> >)	48	static
../Tnaserflow/tensorflow/lite/micro/test_helpers.cc:153:20:tflite::testing::{anonymous}::ModelBuilder::Node tflite::testing::{anonymous}::ModelBuilder::AddNode(Operator, std::initializer_list<long int>, std::initializer_list<long int>)	80	static
C:/Users/mimoh/STM32CubeIDE/workspace_1.18.0/istrf-3/Tnaserflow/tensorflow/lite/schema/schema_generated.h:10372:38:flatbuffers::Offset<tflite::SubGraph> tflite::CreateSubGraph(flatbuffers::FlatBufferBuilder&, flatbuffers::Offset<flatbuffers::Vector<flatbuffers::Offset<Tensor> > >, flatbuffers::Offset<flatbuffers::Vector<long int> >, flatbuffers::Offset<flatbuffers::Vector<long int> >, flatbuffers::Offset<flatbuffers::Vector<flatbuffers::Offset<Operator> > >, flatbuffers::Offset<flatbuffers::String>)	40	static
C:/Users/mimoh/STM32CubeIDE/workspace_1.18.0/istrf-3/Tnaserflow/tensorflow/lite/schema/schema_generated.h:10455:36:flatbuffers::Offset<tflite::Buffer> tflite::CreateBuffer(flatbuffers::FlatBufferBuilder&, flatbuffers::Offset<flatbuffers::Vector<unsigned char> >)	24	static
C:/Users/mimoh/STM32CubeIDE/workspace_1.18.0/istrf-3/Tnaserflow/tensorflow/lite/schema/schema_generated.h:10660:35:flatbuffers::Offset<tflite::Model> tflite::CreateModel(flatbuffers::FlatBufferBuilder&, uint32_t, flatbuffers::Offset<flatbuffers::Vector<flatbuffers::Offset<OperatorCode> > >, flatbuffers::Offset<flatbuffers::Vector<flatbuffers::Offset<SubGraph> > >, flatbuffers::Offset<flatbuffers::String>, flatbuffers::Offset<flatbuffers::Vector<flatbuffers::Offset<Buffer> > >, flatbuffers::Offset<flatbuffers::Vector<long int> >, flatbuffers::Offset<flatbuffers::Vector<flatbuffers::Offset<Metadata> > >)	40	static
../Tnaserflow/tensorflow/lite/micro/test_helpers.cc:559:27:static const TfLiteRegistration* tflite::testing::SimpleStatefulOp::getRegistration()	0	static
../Tnaserflow/tensorflow/lite/micro/test_helpers.cc:563:21:static TfLiteRegistration* tflite::testing::SimpleStatefulOp::GetMutableRegistration()	0	static
../Tnaserflow/tensorflow/lite/micro/test_helpers.cc:635:27:static const TfLiteRegistration* tflite::testing::MockCustom::getRegistration()	4	static
../Tnaserflow/tensorflow/lite/micro/test_helpers.cc:639:21:static TfLiteRegistration* tflite::testing::MockCustom::GetMutableRegistration()	4	static
../Tnaserflow/tensorflow/lite/micro/test_helpers.cc:679:16:tflite::AllOpsResolver tflite::testing::GetOpResolver()	32	static
../Tnaserflow/tensorflow/lite/micro/test_helpers.cc:729:15:const tflite::Tensor* tflite::testing::Create1dFlatbufferTensor(int, bool)	56	static
../Tnaserflow/tensorflow/lite/micro/test_helpers.cc:744:15:const tflite::Tensor* tflite::testing::CreateQuantizedFlatbufferTensor(int)	96	static
../Tnaserflow/tensorflow/lite/micro/test_helpers.cc:767:15:const tflite::Tensor* tflite::testing::CreateMissingQuantizationFlatbufferTensor(int)	56	static
../Tnaserflow/tensorflow/lite/micro/test_helpers.cc:786:1:const flatbuffers::Vector<flatbuffers::Offset<tflite::Buffer> >* tflite::testing::CreateFlatbufferBuffers()	64	static
../Tnaserflow/tensorflow/lite/micro/test_helpers.cc:803:5:int tflite::testing::TestStrcmp(const char*, const char*)	0	static
../Tnaserflow/tensorflow/lite/micro/test_helpers.cc:816:6:)	12	static
../Tnaserflow/tensorflow/lite/micro/test_helpers.cc:826:17:TfLiteIntArray* tflite::testing::IntArrayFromInts(const int*)	0	static
../Tnaserflow/tensorflow/lite/micro/test_helpers.cc:833:19:TfLiteFloatArray* tflite::testing::FloatArrayFromFloats(const float*)	0	static
../Tnaserflow/tensorflow/lite/micro/test_helpers.cc:841:14:TfLiteTensor tflite::testing::CreateTensor(TfLiteIntArray*, bool)	4	static
../Tnaserflow/tensorflow/lite/micro/test_helpers.cc:851:14:TfLiteTensor tflite::testing::CreateFloatTensor(const float*, TfLiteIntArray*, bool)	8	static
../Tnaserflow/tensorflow/lite/micro/test_helpers.cc:860:6:void tflite::testing::PopulateFloatTensor(TfLiteTensor*, float*, float*)	0	static
../Tnaserflow/tensorflow/lite/micro/test_helpers.cc:868:14:TfLiteTensor tflite::testing::CreateBoolTensor(const bool*, TfLiteIntArray*, bool)	8	static
../Tnaserflow/tensorflow/lite/micro/test_helpers.cc:877:14:TfLiteTensor tflite::testing::CreateInt32Tensor(const int32_t*, TfLiteIntArray*, bool)	8	static
../Tnaserflow/tensorflow/lite/micro/test_helpers.cc:886:14:TfLiteTensor tflite::testing::CreateQuantizedTensor(const uint8_t*, TfLiteIntArray*, float, int, bool)	8	static
../Tnaserflow/tensorflow/lite/micro/test_helpers.cc:898:14:TfLiteTensor tflite::testing::CreateQuantizedTensor(const int8_t*, TfLiteIntArray*, float, int, bool)	8	static
../Tnaserflow/tensorflow/lite/micro/test_helpers.cc:910:14:TfLiteTensor tflite::testing::CreateQuantizedTensor(const int16_t*, TfLiteIntArray*, float, int, bool)	8	static
../Tnaserflow/tensorflow/lite/micro/test_helpers.cc:922:14:TfLiteTensor tflite::testing::CreateQuantizedBiasTensor(const float*, int32_t*, TfLiteIntArray*, float, float, bool)	32	static
../Tnaserflow/tensorflow/lite/micro/test_helpers.cc:941:14:TfLiteTensor tflite::testing::CreatePerChannelQuantizedBiasTensor(const float*, int32_t*, TfLiteIntArray*, float, float*, float*, int*, TfLiteAffineQuantization*, int, bool)	64	static
../Tnaserflow/tensorflow/lite/micro/test_helpers.cc:972:14:TfLiteTensor tflite::testing::CreateSymmetricPerChannelQuantizedTensor(const float*, int8_t*, TfLiteIntArray*, float*, int*, TfLiteAffineQuantization*, int, bool)	48	static
C:/Users/mimoh/STM32CubeIDE/workspace_1.18.0/istrf-3/Tnaserflow/third_party/flatbuffers/include/flatbuffers/flatbuffers.h:1268:34:flatbuffers::uoffset_t flatbuffers::FlatBufferBuilder::PushElement(T) [with T = long unsigned int]	24	static
../Tnaserflow/tensorflow/lite/micro/test_helpers.cc:180:14:const tflite::Model* tflite::testing::{anonymous}::ModelBuilder::BuildModel(std::initializer_list<long int>, std::initializer_list<long int>)	160	static
../Tnaserflow/tensorflow/lite/micro/test_helpers.cc:260:14:const tflite::Model* tflite::testing::{anonymous}::BuildSimpleModelWithBranch()	672	static
../Tnaserflow/tensorflow/lite/micro/test_helpers.cc:704:14:const tflite::Model* tflite::testing::GetSimpleModelWithBranch()	8	static
../Tnaserflow/tensorflow/lite/micro/test_helpers.cc:301:14:const tflite::Model* tflite::testing::{anonymous}::BuildModelWithOfflinePlanning(int, const int32_t*, tflite::testing::NodeConnection*, int)	632	static
../Tnaserflow/tensorflow/lite/micro/test_helpers.cc:712:14:const tflite::Model* tflite::testing::GetModelWithOfflinePlanning(int, const int32_t*, NodeConnection*, int)	0	static
../Tnaserflow/tensorflow/lite/micro/test_helpers.cc:241:14:const tflite::Model* tflite::testing::{anonymous}::BuildSimpleStatefulModel()	632	static
../Tnaserflow/tensorflow/lite/micro/test_helpers.cc:721:14:const tflite::Model* tflite::testing::GetSimpleStatefulModel()	8	static
../Tnaserflow/tensorflow/lite/micro/test_helpers.cc:696:14:const tflite::Model* tflite::testing::GetComplexMockModel()	184	static
../Tnaserflow/tensorflow/lite/micro/test_helpers.cc:688:14:const tflite::Model* tflite::testing::GetSimpleMockModel()	160	static
